# TIER 0 = ORIGINAL   events pilot=243 replication=439
# drops: no_revenue_tag=179  insufficient_history=1206  below_materiality=1492  no_assets_denominator=117  right_censored=82  ambiguous_tier=153  duplicate_restated_fact=9734
######################################################################################

======================================================================================
§4 · INSTRUMENT B — THE OFF-DIAGONAL
======================================================================================

  PRECONDITION (REG-003 §4.4): 91 firms record two or more distinct tiers
    → met (≥ 20). The null has something to reject.

  pilot: 212 firm-quarters · N_co observed = 29
    null mean 7.2 · central 95% [3, 12] · two-sided p = 0.0002 · ABOVE
    observed / expected = 4.01×
    secondary — the six off-diagonal cells (Holm-corrected, DESCRIPTIVE):
      pair                                                  obs     exp    o/e   p_holm
      indefinite-lived intangible × goodwill                 16     2.7   5.83   0.0012
      finite-lived intangible × goodwill                      8     2.4   3.34   0.0110
      finite-lived intangible × indefinite-lived intangible    4     0.8   5.28   0.0256
      PP&E × goodwill                                         4     1.1   3.63   0.0384
      PP&E × indefinite-lived intangible                      1     0.3   3.27   1.0000
      PP&E × finite-lived intangible                          0     0.0   0.00   1.0000
    POWER (REG-003 §4.4 — reported whether or not the primary rejects).
      The injection MOVES quarters within a firm, so marginals and therefore
      the null distribution are unchanged; one null serves every trial.
      π = 0.05 → power 1.00
      π = 0.10 → power 1.00
      π = 0.20 → power 1.00
      π = 0.40 → power 1.00

  replication: 391 firm-quarters · N_co observed = 43
    null mean 21.4 · central 95% [15, 28] · two-sided p = 0.0002 · ABOVE
    observed / expected = 2.01×
    secondary — the six off-diagonal cells (Holm-corrected, DESCRIPTIVE):
      pair                                                  obs     exp    o/e   p_holm
      finite-lived intangible × goodwill                     23    10.4   2.21   0.0012
      indefinite-lived intangible × goodwill                 15     6.4   2.34   0.0020
      finite-lived intangible × indefinite-lived intangible    9     3.6   2.49   0.0056
      PP&E × goodwill                                         5     1.2   4.14   0.0096
      PP&E × finite-lived intangible                          1     0.7   1.43   1.0000
      PP&E × indefinite-lived intangible                      0     0.2   0.00   1.0000
    POWER (REG-003 §4.4 — reported whether or not the primary rejects).
      The injection MOVES quarters within a firm, so marginals and therefore
      the null distribution are unchanged; one null serves every trial.
      π = 0.05 → power 1.00
      π = 0.10 → power 1.00
      π = 0.20 → power 1.00
      π = 0.40 → power 1.00

######################################################################################
# TIER 0 = CORRECTED   events pilot=303 replication=476
# drops: no_revenue_tag=179  insufficient_history=1317  below_materiality=2341  no_assets_denominator=193  right_censored=94  ambiguous_tier=153  duplicate_restated_fact=12572
######################################################################################

======================================================================================
§4 · INSTRUMENT B — THE OFF-DIAGONAL
======================================================================================

  PRECONDITION (REG-003 §4.4): 110 firms record two or more distinct tiers
    → met (≥ 20). The null has something to reject.

  pilot: 258 firm-quarters · N_co observed = 41
    null mean 10.2 · central 95% [5, 16] · two-sided p = 0.0002 · ABOVE
    observed / expected = 4.01×
    secondary — the six off-diagonal cells (Holm-corrected, DESCRIPTIVE):
      pair                                                  obs     exp    o/e   p_holm
      PP&E × goodwill                                        14     3.5   3.99   0.0012
      indefinite-lived intangible × goodwill                 16     2.7   5.86   0.0012
      finite-lived intangible × goodwill                      8     2.4   3.35   0.0048
      PP&E × indefinite-lived intangible                      4     0.6   6.33   0.0048
      finite-lived intangible × indefinite-lived intangible    4     0.8   5.31   0.0120
      PP&E × finite-lived intangible                          3     0.4   7.70   0.0120
    POWER (REG-003 §4.4 — reported whether or not the primary rejects).
      The injection MOVES quarters within a firm, so marginals and therefore
      the null distribution are unchanged; one null serves every trial.
      π = 0.05 → power 1.00
      π = 0.10 → power 1.00
      π = 0.20 → power 1.00
      π = 0.40 → power 1.00

  replication: 419 firm-quarters · N_co observed = 53
    null mean 25.3 · central 95% [18, 33] · two-sided p = 0.0002 · ABOVE
    observed / expected = 2.10×
    secondary — the six off-diagonal cells (Holm-corrected, DESCRIPTIVE):
      pair                                                  obs     exp    o/e   p_holm
      finite-lived intangible × goodwill                     23    10.4   2.22   0.0012
      indefinite-lived intangible × goodwill                 15     6.4   2.34   0.0020
      finite-lived intangible × indefinite-lived intangible    9     3.6   2.48   0.0048
      PP&E × goodwill                                         8     3.7   2.17   0.0846
      PP&E × indefinite-lived intangible                      2     0.3   6.64   0.0968
      PP&E × finite-lived intangible                          4     2.4   1.68   0.2992
    POWER (REG-003 §4.4 — reported whether or not the primary rejects).
      The injection MOVES quarters within a firm, so marginals and therefore
      the null distribution are unchanged; one null serves every trial.
      π = 0.05 → power 1.00
      π = 0.10 → power 1.00
      π = 0.20 → power 1.00
      π = 0.40 → power 1.00
