Universe: SIC 7370-7379 (replication)
  2013q2: universe now 426
  2014q2: universe now 511
  2015q2: universe now 576
  2016q2: universe now 633
  2017q2: universe now 691
  2018q2: universe now 755
  2019q2: universe now 826
  2020q2: universe now 879
  2021q2: universe now 983
  2022q2: universe now 1128
  2023q2: universe now 1176
  2024q2: universe now 1223
  1223 registrants ever filing in range 2013-2024
  100/1223 firms, 18 events
  150/1223 firms, 46 events
  200/1223 firms, 52 events
  250/1223 firms, 63 events
  300/1223 firms, 77 events
  350/1223 firms, 84 events
  400/1223 firms, 92 events
  450/1223 firms, 101 events
  500/1223 firms, 106 events
  550/1223 firms, 112 events
  600/1223 firms, 115 events
  650/1223 firms, 123 events
  700/1223 firms, 124 events
  750/1223 firms, 127 events
  800/1223 firms, 133 events
  850/1223 firms, 146 events
  900/1223 firms, 166 events
  950/1223 firms, 168 events
  1000/1223 firms, 170 events
  1050/1223 firms, 185 events
  1100/1223 firms, 193 events
  1150/1223 firms, 199 events

===== replication SIC 7370-7379 · PRIMARY (as registered) =====
  202 events across 106 firms
  tier                                 n   median           IQR    mean
  PP&E                                13      3.0       2.0-4.0    3.46
  finite-lived intangible             45      3.0       2.0-4.0    3.76
  indefinite-lived intangible         17      5.0       3.0-8.0    6.12
  goodwill                           127      3.0       2.0-6.0    4.37
  Jonckheere-Terpstra  J=5804  z=0.634  p(1-sided)=0.26299
  Mann-Whitney t3>t0   z=0.856  p=0.19599
  median(t3)-median(t0) = +0.0 quarters  [95% CI -1.0, +2.0]
  censored 0.0% · annual-attributed 40.1%
  VERDICT: PREDICTION FAILS

===== SENSITIVITY · annual-attributed charges excluded =====
  121 events across 66 firms
  tier                                 n   median           IQR    mean
  PP&E                                 3      2.0       2.0-4.0    3.33
  finite-lived intangible             21      3.0       2.0-4.0    3.76
  indefinite-lived intangible          8      4.0       3.8-5.8    5.00
  goodwill                            89      4.0       2.0-6.0    4.45
  Jonckheere-Terpstra  J=1646  z=0.560  p(1-sided)=0.28783
  Mann-Whitney t3>t0   z=0.920  p=0.17872
  median(t3)-median(t0) = +2.0 quarters  [95% CI -3.0, +2.0]
  censored 0.0% · annual-attributed 0.0%
  VERDICT: INCONCLUSIVE (underpowered)

===== SENSITIVITY · right-censored events excluded =====
  202 events across 106 firms
  tier                                 n   median           IQR    mean
  PP&E                                13      3.0       2.0-4.0    3.46
  finite-lived intangible             45      3.0       2.0-4.0    3.76
  indefinite-lived intangible         17      5.0       3.0-8.0    6.12
  goodwill                           127      3.0       2.0-6.0    4.37
  Jonckheere-Terpstra  J=5804  z=0.634  p(1-sided)=0.26299
  Mann-Whitney t3>t0   z=0.856  p=0.19599
  median(t3)-median(t0) = +0.0 quarters  [95% CI -1.0, +2.0]
  censored 0.0% · annual-attributed 40.1%
  VERDICT: PREDICTION FAILS

===== SENSITIVITY · one event per firm (largest charge) =====
  106 events across 106 firms
  tier                                 n   median           IQR    mean
  PP&E                                10      2.5       2.0-3.8    3.20
  finite-lived intangible             18      3.0       2.2-4.0    3.67
  indefinite-lived intangible          5      4.0      3.0-11.0    6.80
  goodwill                            73      3.0       2.0-5.0    3.97
  Jonckheere-Terpstra  J=1420  z=0.381  p(1-sided)=0.35171
  Mann-Whitney t3>t0   z=0.916  p=0.17983
  median(t3)-median(t0) = +0.5 quarters  [95% CI -1.5, +2.0]
  censored 0.0% · annual-attributed 48.1%
  VERDICT: PREDICTION FAILS

  drop accounting (PRE-001 s9):
    no_sic                             0
    sic_out_of_range                   0
    no_revenue_tag                   125
    insufficient_history             361
    below_materiality                591
    no_assets_denominator             72
    no_deterioration_run             674
    right_censored                     0
    ambiguous_tier                    94
    duplicate_restated_fact         5728
    firms with facts fetched        1218

  written: /tmp/wt/wt026_replication.json
